// Jest Snapshot v1, https://goo.gl/fbAQLP

exports[`Column.vue matches snapshot 1`] = `<div class="column"></div>`;
