// Jest Snapshot v1, https://goo.gl/fbAQLP

exports[`CardPlaceholder.vue matches snapshot 1`] = `
<div class="">
  <svgicon-stub name="Card_back_17" data-test="card-placeholder"></svgicon-stub>
</div>
`;
