// Jest Snapshot v1, https://goo.gl/fbAQLP

exports[`Columns.vue matches snapshot 1`] = `<div data-test="columns" class="columns"></div>`;
