// Jest Snapshot v1, https://goo.gl/fbAQLP

exports[`ContinueGameButton.vue matches snapshot 1`] = `
<button-stub type="default" size="md" data-test="continue-game-btn">
  Continue
</button-stub>
`;
