// Jest Snapshot v1, https://goo.gl/fbAQLP

exports[`GameStats.vue matches snapshot 1`] = `
<div class="stats">
  <div class="stats__item">
    <usergames-stub></usergames-stub>
  </div>
  <div class="stats__item">
    <moves-stub></moves-stub>
  </div>
  <div class="stats__item">
    <timer-stub></timer-stub>
  </div>
</div>
`;
