// Jest Snapshot v1, https://goo.gl/fbAQLP

exports[`GlobalGames.vue matches snapshot 1`] = `
<div>
  Games:
  <counter-stub number="1" data-test="global-stats"></counter-stub>
</div>
`;
