// Jest Snapshot v1, https://goo.gl/fbAQLP

exports[`HistoryButton.vue matches snapshot 1`] = `
<button-stub data-test="history-btn">
  History
</button-stub>
`;
