// Jest Snapshot v1, https://goo.gl/fbAQLP

exports[`NewGameButton.vue matches snapshot 1`] = `
<button-stub data-test="new-game-btn">
  New Game
</button-stub>
`;
