// Jest Snapshot v1, https://goo.gl/fbAQLP

exports[`Progress.vue matches snapshot 1`] = `<span class="progress"><span class="progress__bar"></span></span>`;
