// Jest Snapshot v1, https://goo.gl/fbAQLP

exports[`ResponsiveTable.vue matches snapshot 1`] = `
<div class="responsive-table">
  <div data-test="responsive-table-helper" class="responsive-table__overlay"><img src="" class="responsive-table__swipe"></div>
  <table-stub headings="Heading 1,Heading 2,Heading 3" items="1,2,3,4,5,6" placeholderrows="1"></table-stub>
</div>
`;
