// Jest Snapshot v1, https://goo.gl/fbAQLP

exports[`Solitaire.vue matches snapshot 1`] = `
<div class="solitaire">
  <board-stub></board-stub>
  <gamestate-stub></gamestate-stub>
  <rules-stub></rules-stub>
  <statsoverlay-stub data-test="stats-overlay"></statsoverlay-stub>
</div>
`;
