// Jest Snapshot v1, https://goo.gl/fbAQLP

exports[`Timer.vue matches snapshot 1`] = `
<div>
  Time:
  <span data-test="timer">1</span>s
</div>
`;
