// Jest Snapshot v1, https://goo.gl/fbAQLP

exports[`UserStats.vue matches snapshot 1`] = `
<div>
  Games:
  <span data-test="stats"><counter-stub number="1" data-test="stats"></counter-stub></span> (<viewstatsbutton-stub loadstats="function () { [native code] }"></viewstatsbutton-stub>)
</div>
`;
