// Jest Snapshot v1, https://goo.gl/fbAQLP

exports[`UserStats.vue matches snapshot 1`] = `
<div>
  Games: <span data-test="stats">1</span></div>
`;
